[INFO] Scanning for projects...
[INFO] 
[INFO] --------------------------< com.example:demo >--------------------------
[INFO] Building  0.0.1-SNAPSHOT
[INFO]   from pom.xml
[INFO] --------------------------------[ jar ]---------------------------------
[INFO] 
[INFO] --- clean:3.4.1:clean (default-clean) @ demo ---
[INFO] Deleting D:\Personal Projects\demo\target
[INFO] 
[INFO] --- resources:3.3.1:resources (default-resources) @ demo ---
[INFO] Copying 1 resource from src\main\resources to target\classes
[INFO] Copying 5 resources from src\main\resources to target\classes
[INFO] 
[INFO] --- compiler:3.14.1:compile (default-compile) @ demo ---
[INFO] Recompiling the module because of changed source code.
[INFO] Compiling 16 source files with javac [debug parameters release 21] to target\classes
.\mvnw.cmd : WARNING: A terminally deprecated 
method in sun.misc.Unsafe has been called
At line:1 char:1
+ .\mvnw.cmd clean compile -B > compile.log 
2>&1
+ 
~~~~~~~~~~~~~~~~~~~~~~~~~~~~~~~~~~~~~~~~~~~~~~
    + CategoryInfo          : NotSpecified: (W 
   ARNING: A term...has been called:String) [  
  ], RemoteException
    + FullyQualifiedErrorId : NativeCommandErr 
   or
 
WARNING: sun.misc.Unsafe::objectFieldOffset 
has been called by lombok.permit.Permit
WARNING: Please consider reporting this to the 
maintainers of class lombok.permit.Permit
WARNING: sun.misc.Unsafe::objectFieldOffset 
will be removed in a future release
[INFO] -------------------------------------------------------------
[ERROR] COMPILATION ERROR : 
[INFO] -------------------------------------------------------------
[ERROR] /D:/Personal Projects/demo/src/main/java/com/ai/invoice/service/AdvancedChatService.java:[104,22] invalid method reference
  cannot find symbol
    symbol:   method getContent()
    location: class org.springframework.ai.document.Document
[INFO] 1 error
[INFO] -------------------------------------------------------------
[INFO] ------------------------------------------------------------------------
[INFO] BUILD FAILURE
[INFO] ------------------------------------------------------------------------
[INFO] Total time:  13.500 s
[INFO] Finished at: 2026-04-01T16:50:10+05:30
[INFO] ------------------------------------------------------------------------
[ERROR] Failed to execute goal org.apache.maven.plugins:maven-compiler-plugin:3.14.1:compile (default-compile) on project demo: Compilation failure
[ERROR] /D:/Personal Projects/demo/src/main/java/com/ai/invoice/service/AdvancedChatService.java:[104,22] invalid method reference
[ERROR]   cannot find symbol
[ERROR]     symbol:   method getContent()
[ERROR]     location: class org.springframework.ai.document.Document
[ERROR] -> [Help 1]
[ERROR] 
[ERROR] To see the full stack trace of the errors, re-run Maven with the -e switch.
[ERROR] Re-run Maven using the -X switch to enable full debug logging.
[ERROR] 
[ERROR] For more information about the errors and possible solutions, please read the following articles:
[ERROR] [Help 1] http://cwiki.apache.org/confluence/display/MAVEN/MojoFailureException
